Archive member included to satisfy reference by file (symbol)

/home/asergey/runtime-EclipseApplication/x86dev/lib/libcsp_x86_64.a(csp_init.o)
                              bsp.x86_64.o (csp_globals)
/home/asergey/runtime-EclipseApplication/x86dev/lib/libcsp_x86_64.a(csp_mem_map_am.o)
                              bsp.x86_64.o (get_tea)
/home/asergey/runtime-EclipseApplication/x86dev/lib/libcsp_x86_64.a(launch_am.o)
                              /home/asergey/runtime-EclipseApplication/x86dev/lib/libcsp_x86_64.a(csp_init.o) (setseg)
/home/asergey/runtime-EclipseApplication/x86dev/lib/libcsp_x86_64.a(lowInit.o)
                              bsp.x86_64.o (lowInit)
/home/asergey/runtime-EclipseApplication/x86dev/lib/libcsp_x86_64.a(trap.o)
                              bsp.x86_64.o (csp_ioint_trapinit)
/home/asergey/runtime-EclipseApplication/x86dev/lib/libcsp_x86_64.a(csp_flih_asm.o)
                              /home/asergey/runtime-EclipseApplication/x86dev/lib/libcsp_x86_64.a(trap.o) (exceptions_vector_table)
/home/asergey/runtime-EclipseApplication/x86dev/lib/libcsp_x86_64.a(launch_asm.o)
                              /home/asergey/runtime-EclipseApplication/x86dev/lib/libcsp_x86_64.a(launch_am.o) (csp_launch_os_asm)
/home/asergey/runtime-EclipseApplication/x86dev/lib/libcsp_x86_64.a(csp_cache.o)
                              /home/asergey/runtime-EclipseApplication/x86dev/lib/libcsp_x86_64.a(csp_init.o) (cache_op)
/home/asergey/runtime-EclipseApplication/x86dev/lib/libcsp_x86_64.a(csp_init_am.o)
                              /home/asergey/runtime-EclipseApplication/x86dev/lib/libcsp_x86_64.a(lowInit.o) (csp_pre_init)
/home/asergey/runtime-EclipseApplication/x86dev/lib/libdrivers.a(ahcidrvr.o)
                              conf.o (rahci_install)
/home/asergey/runtime-EclipseApplication/x86dev/lib/libdrivers.a(ahciinfo.o)
                              conf.o (ahciinfo0)
/home/asergey/runtime-EclipseApplication/x86dev/lib/libdrivers.a(kdbdrvr.o)
                              conf.o (skdb_install)
/home/asergey/runtime-EclipseApplication/x86dev/lib/libdrivers.a(lcs_emdrvr.o)
                              conf.o (lem_ioctl)
/home/asergey/runtime-EclipseApplication/x86dev/lib/libdrivers.a(lcs_eminfo.o)
                              conf.o (lcsem_info0)
/home/asergey/runtime-EclipseApplication/x86dev/lib/libdrivers.a(ptracedrvr.o)
                              conf.o (ptrace_install)
/home/asergey/runtime-EclipseApplication/x86dev/lib/libdrivers.a(tty_16550.o)
                              conf.o (ttyinstall_16550)
/home/asergey/runtime-EclipseApplication/x86dev/lib/libdrivers.a(ttydrvr.o)
                              /home/asergey/runtime-EclipseApplication/x86dev/lib/libdrivers.a(tty_16550.o) (duart_int)
/home/asergey/runtime-EclipseApplication/x86dev/lib/libdrivers.a(ttyinfo.o)
                              conf.o (gencom_without_skdb)
/home/asergey/runtime-EclipseApplication/x86dev/lib/libdrivers.a(ehci_pci.o)
                              conf.o (ehci_pci_install)
/home/asergey/runtime-EclipseApplication/x86dev/lib/libdrivers.a(xhci_pci.o)
                              conf.o (xhci_install)
/home/asergey/runtime-EclipseApplication/x86dev/lib/libdrivers.a(simusb.o)
                              conf.o (rsimusb_install)
/home/asergey/runtime-EclipseApplication/x86dev/lib/libdrivers.a(scsimgr.o)
                              /home/asergey/runtime-EclipseApplication/x86dev/lib/libdrivers.a(simusb.o) (scsimgr_deregister)
/home/asergey/runtime-EclipseApplication/x86dev/lib/libdrivers.a(scsi_timeout.o)
                              /home/asergey/runtime-EclipseApplication/x86dev/lib/libdrivers.a(scsimgr.o) (scsi_device_command_table)
/home/asergey/runtime-EclipseApplication/x86dev/lib/libdrivers.a(usbdrvr.o)
                              /home/asergey/runtime-EclipseApplication/x86dev/lib/libdrivers.a(ehci_pci.o) (cold)
/home/asergey/runtime-EclipseApplication/x86dev/lib/libdrivers.a(usbinfo.o)
                              conf.o (usb_info0)
/home/asergey/runtime-EclipseApplication/x86dev/lib/libdrivers.a(virtio_netdrvr.o)
                              conf.o (virtio_net_ioctl)
/home/asergey/runtime-EclipseApplication/x86dev/lib/libdrivers.a(lsk_helperdrvr.o)
                              conf.o (lsk_helper_install)
/home/asergey/runtime-EclipseApplication/x86dev/lib/libdrivers.a(lcs_igcdrvr.o)
                              conf.o (lcs_igc_ioctl)
/home/asergey/runtime-EclipseApplication/x86dev/lib/libdrivers.a(memdrvr.o)
                              conf.o (memread)
/home/asergey/runtime-EclipseApplication/x86dev/lib/libdrivers.a(ptydrvr.o)
                              conf.o (ptyinstall)
/home/asergey/runtime-EclipseApplication/x86dev/lib/libdrivers.a(ptyinfo.o)
                              conf.o (ptyinfo)
/home/asergey/runtime-EclipseApplication/x86dev/lib/libdrivers.a(rnddrvr.o)
                              conf.o (random_write)
[...]
Memory Configuration

Name             Origin             Length             Attributes
*default*        0x0000000000000000 0xffffffffffffffff

Linker script and memory map

                0x00000000000000b0                . = SIZEOF_HEADERS

.text           0xffffffff80001000    0xcebe0
 *(.kboot0)
 .kboot0        0xffffffff80001000       0x3b bsp.x86_64.o
                0xffffffff80001000                _start
                0xffffffff80002000                . = ALIGN (0x1000)
 *fill*         0xffffffff8000103b      0xfc5 9090
 *(.kboot1)
 .kboot1        0xffffffff80002000      0x68d bsp.x86_64.o
                0xffffffff80002620                bsp_relocate
                0xffffffff80003000                . = ALIGN (0x1000)
 *fill*         0xffffffff8000268d      0x973 9090
 *(.kboot2)
 .kboot2        0xffffffff80003000       0xc3 bsp.x86_64.o
                0xffffffff80003000                bsp_lowInit
 *(.text)
 *fill*         0xffffffff800030c3        0xd 9090
 .text          0xffffffff800030d0     0x177e bsp.x86_64.o
                0xffffffff800030d0                bsp_conf_init
                0xffffffff800030e0                bsp_get_cpu_frequency
                0xffffffff800030f0                bsp_get_bus_frequency
                0xffffffff80003100                bsp_devinfo_init
                0xffffffff80003110                bsp_get_dev_by_type
                0xffffffff80003160                bsp_find_unused_dev_info
                0xffffffff80003190                bsp_drm_pre_init
                0xffffffff800031a0                bsp_drm_post_init
                0xffffffff800031b0                bsp_drm_init
                0xffffffff800031e0                bsp_init_kenv
                0xffffffff80003240                bsp_sync_kenv
                0xffffffff80003280                bsp_post_init_kenv
                0xffffffff80003320                bsp_post_init
                0xffffffff80003330                bsp_iomap_adv
                0xffffffff80003340                bsp_init_globals
                0xffffffff800033d0                bsp_buserror_reset
                0xffffffff800033e0                bsp_init_exceptions
                0xffffffff80003470                lapic_read
                0xffffffff80003490                lapic_write
                0xffffffff800034b0                ioapic_get_rte
                0xffffffff80003550                ioapic_set_rte
                0xffffffff800035f0                bsp_init_intr
                0xffffffff80003940                bsp_late_init_intr
                0xffffffff80003950                bsp_int_unmask
                0xffffffff800039e0                bsp_int_mask
                0xffffffff80003a70                bsp_ioint
                0xffffffff80003aa0                bsp_map_usr_fs
                0xffffffff80003ab0                bsp_map_local_fs
                0xffffffff80003ac0                bsp_pci_init
                0xffffffff80003ad0                bsp_pci_discover
                0xffffffff80003ae0                bsp_pci_io_baddr2paddr
                0xffffffff80003af0                bsp_pci_mem_baddr2paddr
                0xffffffff80003b00                bsp_pci_mem_attr
                0xffffffff80003b10                bsp_pci_io_baddr_start
                0xffffffff80003b20                bsp_pci_mem_baddr_start
                0xffffffff80003b30                bsp_pci_min_io_align
                0xffffffff80003b40                bsp_pci_min_mem_align
                0xffffffff80003b50                bsp_pci_confread
                0xffffffff80003c30                bsp_pci_confwrite
                0xffffffff80003d00                bsp_pci_is_multiport
                0xffffffff80003d10                bsp_pci_min_port_size
                0xffffffff80003d20                bsp_pci_get_port
                0xffffffff80003d30                bsp_pci_free_port
                0xffffffff80003d40                bsp_pci_flush_port
                0xffffffff80003d50                bsp_msi_alloc_msg
                0xffffffff80003e00                bsp_msi_free_msg
                0xffffffff80003e60                bsp_msi_get_vector
                0xffffffff80003ef0                bsp_pre_reboot
                0xffffffff80003f00                bsp_reset
                0xffffffff80003f20                bsp_get_timebase
                0xffffffff80003f40                bsp_init_osticker
                0xffffffff800041b0                bsp_read_osticker
                0xffffffff800041d0                bsp_clkint_enter
                0xffffffff80004280                bsp_clkint_exit
                0xffffffff80004290                bsp_init_timer
                0xffffffff800042a0                bsp_vm_switch_imminent
                0xffffffff800042b0                bsp_read_nvram
                0xffffffff800042c0                bsp_write_nvram
                0xffffffff800042d0                bsp_get_tod
                0xffffffff800045b0                bsp_set_tod
                0xffffffff800047c0                bsp_initkputc
                0xffffffff800047e0                bsp_protect_kkprintf
                0xffffffff800047f0                VERSION
 .text          0xffffffff8000484e      0x181 conf_am.o
                0xffffffff8000484e                kas_get_osbase_ea
                0xffffffff80004860                kas_get_osbase_size_ea
                0xffffffff80004870                kas_pre_init_common
                0xffffffff80004983                kstack_size_get
                0xffffffff80004993                kstack_top_get
 .text          0xffffffff800049cf      0x1c5 conf.o
                0xffffffff800049cf                kstack_sig_lwm_get
                0xffffffff800049df                cdevopen
                0xffffffff80004a07                attach_skdb
                0xffffffff80004a1d                bsp_set_VM0_limits
 .text          0xffffffff80004b94      0x111 info.o
                0xffffffff80004b94                info_init
                0xffffffff80004bf7                __info
                0xffffffff80004bf7                __ksc_info
 .text          0xffffffff80004ca5        0x0 timestamp.o
 *fill*         0xffffffff80004ca5        0xb 9090
 .text          0xffffffff80004cb0      0x1d3 /home/asergey/runtime-EclipseApplication/x86dev/lib/libcsp_x86_64.a(csp_init.o)
                0xffffffff80004cb0                csp_post_init
                0xffffffff80004e40                csp_init_globals
 *fill*         0xffffffff80004e83        0xd 9090
 .text          0xffffffff80004e90        0x8 /home/asergey/runtime-EclipseApplication/x86dev/lib/libcsp_x86_64.a(csp_mem_map_am.o)
                0xffffffff80004e90                get_tea
 *fill*         0xffffffff80004e98        0x8 9090
 .text          0xffffffff80004ea0      0x324 /home/asergey/runtime-EclipseApplication/x86dev/lib/libcsp_x86_64.a(launch_am.o)
                0xffffffff80004ea0                setseg
                0xffffffff80004fc0                csp_launch_os
 *fill*         0xffffffff800051c4        0xc 9090
 .text          0xffffffff800051d0      0x37a /home/asergey/runtime-EclipseApplication/x86dev/lib/libcsp_x86_64.a(lowInit.o)
                0xffffffff800051d0                lowInit
                0xffffffff800054a0                map_region
 *fill*         0xffffffff8000554a        0x6 9090
 .text          0xffffffff80005550      0x2a6 /home/asergey/runtime-EclipseApplication/x86dev/lib/libcsp_x86_64.a(trap.o)
                0xffffffff800056b0                csp_post_init_traps
                0xffffffff800057f0                csp_ioint_trapinit
 *fill*         0xffffffff800057f6        0x2 9090
 .text          0xffffffff800057f8     0x10b7 /home/asergey/runtime-EclipseApplication/x86dev/lib/libcsp_x86_64.a(csp_flih_asm.o)
                0xffffffff800068a0                set_int_stack
 *fill*         0xffffffff800068af        0x1 9090
 .text          0xffffffff800068b0       0x2d /home/asergey/runtime-EclipseApplication/x86dev/lib/libcsp_x86_64.a(launch_asm.o)
                0xffffffff800068b0                csp_launch_os_asm
 *fill*         0xffffffff800068dd        0x3 9090
 .text          0xffffffff800068e0       0xd4 /home/asergey/runtime-EclipseApplication/x86dev/lib/libcsp_x86_64.a(csp_cache.o)
                0xffffffff800068e0                csp_get_cache_line_size
                0xffffffff800068f0                cache_op
 *fill*         0xffffffff800069b4        0xc 9090
 .text          0xffffffff800069c0      0x138 /home/asergey/runtime-EclipseApplication/x86dev/lib/libcsp_x86_64.a(csp_init_am.o)
                0xffffffff80006a10                csp_pre_init
 *fill*         0xffffffff80006af8        0x8 9090
 .text          0xffffffff80006b00     0x1741 /home/asergey/runtime-EclipseApplication/x86dev/lib/libdrivers.a(ahcidrvr.o)
                0xffffffff80006b00                ahci_isr
                0xffffffff80006be0                ahci_datarw_done
                0xffffffff80006e80                ahci_databp_done
                0xffffffff80006fc0                rahci_install
                0xffffffff800071c0                ahci_install
                0xffffffff800071d0                do_async_action
                0xffffffff80007250                do_sync_action
                0xffffffff800072d0                ahci_datarw
                0xffffffff800074d0                ahci_identify
                0xffffffff80007730                ahci_rw
                0xffffffff80007bb0                ahci_databp
                0xffffffff80007e50                ahci_ioctl
                0xffffffff80008090                rahci_open
                0xffffffff80008110                rahci_read
                0xffffffff80008120                rahci_write
                0xffffffff80008130                rahci_ioctl
                0xffffffff80008140                ahci_open
                0xffffffff800081c0                ahci_strategy
 .text          0xffffffff80008241        0x0 /home/asergey/runtime-EclipseApplication/x86dev/lib/libdrivers.a(ahciinfo.o)
 *fill*         0xffffffff80008241        0xf 9090
 .text          0xffffffff80008250     0x62dd /home/asergey/runtime-EclipseApplication/x86dev/lib/libdrivers.a(kdbdrvr.o)
                0xffffffff8000b650                skdb_install
                0xffffffff8000b7e0                skdb_uninstall
                0xffffffff8000b840                skdb_in_skdb
                0xffffffff8000b890                skdb_memread_job
                0xffffffff8000bab0                skdb_memwrite_job
                0xffffffff8000bbb0                skdb_memread
                0xffffffff8000bbd0                skdb_memwrite
                0xffffffff8000bbf0                skdb_show_frame
                0xffffffff8000bcc0                skdb_find_closest_symbol
                0xffffffff8000bd20                skdb_show_label
                0xffffffff8000bda0                skdb_show_addr_label
                0xffffffff8000c410                skdb_get_decimal
                0xffffffff8000d020                skdb_get_udecimal
                0xffffffff8000d070                skdb_get_hex
                0xffffffff8000d1c0                skdb_get_address
                0xffffffff8000e490                skdb_enable_dr_install_notify
                0xffffffff8000e4c0                skdb_disable_dr_install_notify
                0xffffffff8000e4f0                skdb_cmd_install
 *fill*         0xffffffff8000e52d        0x3 9090
 .text          0xffffffff8000e530     0x486c /home/asergey/runtime-EclipseApplication/x86dev/lib/libdrivers.a(lcs_emdrvr.o)
                0xffffffff8000f5f0                lem_poll_eerd_eewr_done
                0xffffffff8000f660                lem_spi_eeprom_ready
                0xffffffff8000fab0                lem_reload_nvm_generic
                0xffffffff8000fb00                lem_write_pci_cfg_word
                0xffffffff8000fb60                lem_write_pci_cfg_dword
                0xffffffff8000fbc0                lem_read_pci_cfg_byte
                0xffffffff8000fc20                lem_read_pci_cfg_word
                0xffffffff80010670                lem_disable_pcie_master
                0xffffffff800106e0                lem_get_auto_rd_done
                0xffffffff80010760                lem_reset_hw
                0xffffffff80010980                lem_check_downshift
                0xffffffff80012b10                lem_ioctl
                0xffffffff80012bb0                lem_close
                0xffffffff80012bc0                lem_open
                0xffffffff80012bd0                lem_install
                0xffffffff80012d80                lem_uninstall
 .text          0xffffffff80012d9c        0x0 /home/asergey/runtime-EclipseApplication/x86dev/lib/libdrivers.a(lcs_eminfo.o)
 *fill*         0xffffffff80012d9c        0x4 9090
 .text          0xffffffff80012da0       0x12 /home/asergey/runtime-EclipseApplication/x86dev/lib/libdrivers.a(ptracedrvr.o)
                0xffffffff80012da0                ptrace_install
 *fill*         0xffffffff80012db2        0xe 9090
 .text          0xffffffff80012dc0      0xdfb /home/asergey/runtime-EclipseApplication/x86dev/lib/libdrivers.a(tty_16550.o)
                0xffffffff800139e0                ttyinstall_16550
                0xffffffff80013ba0                kputc_16550
 *fill*         0xffffffff80013bbb        0x5 9090
 .text          0xffffffff80013bc0      0xc93 /home/asergey/runtime-EclipseApplication/x86dev/lib/libdrivers.a(ttydrvr.o)
                0xffffffff80014030                tty_skdb
                0xffffffff80014060                duart_int
                0xffffffff800140b0                xmit_quies
                0xffffffff800140c0                ttyinstall
                0xffffffff800141b0                ttyuninstall
                0xffffffff800141d0                ttyclose
                0xffffffff80014260                ttyopen
                0xffffffff80014360                ttyread
                0xffffffff800143f0                ttywrite
                0xffffffff80014430                ttyioctl
                0xffffffff80014800                ttyselect
                0xffffffff80014840                tty_skdb_hook
 .text          0xffffffff80014853        0x0 /home/asergey/runtime-EclipseApplication/x86dev/lib/libdrivers.a(ttyinfo.o)
 *fill*         0xffffffff80014853        0xd 9090
 .text          0xffffffff80014860      0x37c /home/asergey/runtime-EclipseApplication/x86dev/lib/libdrivers.a(ehci_pci.o)
                0xffffffff80014860                ehci_pci_install
                0xffffffff80014bc0                ehci_pci_uninstall
 *fill*         0xffffffff80014bdc        0x4 9090
 .text          0xffffffff80014be0      0x26b /home/asergey/runtime-EclipseApplication/x86dev/lib/libdrivers.a(xhci_pci.o)
                0xffffffff80014be0                xhci_install
 *fill*         0xffffffff80014e4b        0x5 9090
 .text          0xffffffff80014e50      0xbdb /home/asergey/runtime-EclipseApplication/x86dev/lib/libdrivers.a(simusb.o)
                0xffffffff80015660                rsimusb_install
                0xffffffff800156f0                rsimusb_uninstall
                0xffffffff80015720                rsimusb_open
                0xffffffff800157c0                rsimusb_close
                0xffffffff800157e0                rsimusb_read
                0xffffffff800157f0                rsimusb_write
                0xffffffff80015800                rsimusb_ioctl
                0xffffffff80015810                simusb_install
                0xffffffff80015820                simusb_open
                0xffffffff800158c0                simusb_close
                0xffffffff800158e0                simusb_strategy
                0xffffffff800158f0                simusb_ioctl
                0xffffffff80015910                umass_scsi_attach
                0xffffffff800159a0                umass_scsi_detach
 *fill*         0xffffffff80015a2b        0x5 9090
 .text          0xffffffff80015a30     0x6093 /home/asergey/runtime-EclipseApplication/x86dev/lib/libdrivers.a(scsimgr.o)
                0xffffffff80015a70                check_simport_existance
                0xffffffff80015ac0                scsimgr_free_simport
                0xffffffff80015b50                scsimgr_deregister
                0xffffffff80015c00                scsimgr_get_simport
                0xffffffff80015c90                scsimgr_register
                0xffffffff80015d70                get_blocks
                0xffffffff80015ee0                highest_prio_request
                0xffffffff80015f60                check_for_errors
                0xffffffff80015fd0                scsimgr_cam_cb
                0xffffffff800160f0                error_all_blocks
                0xffffffff80016160                handle_partial_success
                0xffffffff800162e0                scsimgr_strategy
                0xffffffff80016910                scsimgr_priot_in
                0xffffffff800169e0                scsimgr_priot_out
                0xffffffff80016ac0                scsimgr_build_camreq
                0xffffffff80016c70                scsimgr_rw_cdb
                0xffffffff80016ca0                scsimgr_get_iocb
                0xffffffff80016d50                scsimgr_free_iocb
                0xffffffff80016de0                scsimgr_thread
                0xffffffff80017470                scsimgr_rw1blk
                0xffffffff800175d0                scsimgr_getcam_stat
                0xffffffff800175e0                scsimgr_getsiminfo
                0xffffffff80017680                scsimgr_getdevtype
                0xffffffff800177d0                scsimgr_passthru_cmd
                0xffffffff800179c0                scsimgr_usrcommand
                0xffffffff80017c10                scsimgr_write_protected
                0xffffffff80017da0                scsimgr_read_toc
                0xffffffff80017ec0                scsimgr_read_sub_channel
                0xffffffff80017f80                scsimgr_readcap
                0xffffffff80018780                scsimgr_rewind
                0xffffffff800188a0                scsimgr_prevent_allow_removal
                0xffffffff80018920                scsimgr_writefmarks
                0xffffffff800189c0                scsimgr_read_block_limits
                0xffffffff80018b30                scsimgr_settape_mode
                0xffffffff80018ca0                scsimgr_opentape
                0xffffffff80018e20                scsimgr_space
                0xffffffff80018ec0                scsimgr_closetape
                0xffffffff80018f50                start_unit
                0xffffffff80018fe0                scsimgr_opendisk
                0xffffffff80019420                scsimgr_test_unit_ready
                0xffffffff80019510                scsimgr_open
                0xffffffff80019be0                scsimgr_cmdlength
                0xffffffff80019c40                scsimgr_device_in_use
                0xffffffff80019c50                scsimgr_empty_list
                0xffffffff80019d40                scsimgr_close
                0xffffffff8001a000                clear_strategy_list
                0xffffffff8001a0d0                increment_checkpoint
                0xffffffff8001a100                decrement_checkpoint
                0xffffffff8001a140                scsimgr_sync_rw
                0xffffffff8001ae90                scsimgr_read
                0xffffffff8001af40                scsimgr_write
                0xffffffff8001b010                clear_checkpoints
                0xffffffff8001b070                scsimgr_attached_devices
                0xffffffff8001b100                scsimgr_ioctl
 .text          0xffffffff8001bac3        0x0 /home/asergey/runtime-EclipseApplication/x86dev/lib/libdrivers.a(scsi_timeout.o)
 *fill*         0xffffffff8001bac3        0xd 9090
 .text          0xffffffff8001bad0     0x1280 /home/asergey/runtime-EclipseApplication/x86dev/lib/libdrivers.a(usbdrvr.o)
                0xffffffff8001bad0                usb_match
                0xffffffff8001be40                usb_attach
                0xffffffff8001c0c0                usb_activate
                0xffffffff8001c150                usb_detach
                0xffffffff8001c240                usb_softintr
                0xffffffff8001c2e0                usb_install
                0xffffffff8001c370                usb_add_task
                0xffffffff8001c3d0                usb_rem_task
                0xffffffff8001c430                usbctlprint
                0xffffffff8001c440                usbopen
                0xffffffff8001c4b0                usbread
                0xffffffff8001c5d0                usbclose
                0xffffffff8001c600                usbioctl
                0xffffffff8001c9d0                usb_needs_explore
                0xffffffff8001ca20                usbd_add_dev_event
                0xffffffff8001ca80                usbd_add_drv_event
                0xffffffff8001cad0                usb_schedsoftintr
                0xffffffff8001caf0                usb_uninstall
                0xffffffff8001cb30                usb_prio_add
                0xffffffff8001cc30                usb_prio_remove
                0xffffffff8001cd40                usb_get_vmid
 .text          0xffffffff8001cd50        0x0 /home/asergey/runtime-EclipseApplication/x86dev/lib/libdrivers.a(usbinfo.o)
 .text          0xffffffff8001cd50      0x580 /home/asergey/runtime-EclipseApplication/x86dev/lib/libdrivers.a(virtio_netdrvr.o)
                0xffffffff8001d1c0                virtio_net_ioctl
                0xffffffff8001d270                virtio_net_install
 .text          0xffffffff8001d2d0      0x119 /home/asergey/runtime-EclipseApplication/x86dev/lib/libdrivers.a(lsk_helperdrvr.o)
                0xffffffff8001d2d0                lsk_helper_install
 *fill*         0xffffffff8001d3e9        0x7 9090
 .text          0xffffffff8001d3f0      0x5ba /home/asergey/runtime-EclipseApplication/x86dev/lib/libdrivers.a(lcs_igcdrvr.o)
                0xffffffff8001d830                lcs_igc_ioctl
                0xffffffff8001d970                lcs_igc_install
 *fill*         0xffffffff8001d9aa        0x6 9090
 .text          0xffffffff8001d9b0       0xcf /home/asergey/runtime-EclipseApplication/x86dev/lib/libdrivers.a(memdrvr.o)
                0xffffffff8001d9b0                memread
                0xffffffff8001da40                memwrite
 *fill*         0xffffffff8001da7f        0x1 9090
 .text          0xffffffff8001da80      0x285 /home/asergey/runtime-EclipseApplication/x86dev/lib/libdrivers.a(ptydrvr.o)
                0xffffffff8001da80                ptyinstall
                0xffffffff8001dae0                ptyuninstall
                0xffffffff8001db10                ptyopen
                0xffffffff8001db50                ptyclose
                0xffffffff8001db70                ptyread
                0xffffffff8001db90                ptywrite
                0xffffffff8001dbb0                ptyioctl
                0xffffffff8001dcf0                ptyselect
 .text          0xffffffff8001dd05        0x0 /home/asergey/runtime-EclipseApplication/x86dev/lib/libdrivers.a(ptyinfo.o)
 *fill*         0xffffffff8001dd05        0xb 9090
 .text          0xffffffff8001dd10      0x1f7 /home/asergey/runtime-EclipseApplication/x86dev/lib/libdrivers.a(rnddrvr.o)
                0xffffffff8001dd10                random_write
                0xffffffff8001dd90                random_read
                0xffffffff8001de70                random_install
                0xffffffff8001def0                random_uninstall
 *fill*         0xffffffff8001df07        0x9 9090
 .text          0xffffffff8001df10      0x1fb /home/asergey/runtime-EclipseApplication/x86dev/lib/libdrivers.a(lfatfsdrvr.o)
                0xffffffff8001df10                lfat_set_boot_status
                0xffffffff8001df30                lfat_mkcontig
                0xffffffff8001df50                lfat_symlink
                0xffffffff8001df70                lfat_trunc_contig
                0xffffffff8001df80                lfat_readlink
                0xffffffff8001e080                lfat_install
                0xffffffff8001e100                lfat_uninstall
 *fill*         0xffffffff8001e10b        0x5 9090
 .text          0xffffffff8001e110      0xf81 /home/asergey/runtime-EclipseApplication/x86dev/lib/libdrivers.a(ixgbepfdrvr.o)
                0xffffffff8001ec70                ixgbepf_install
                0xffffffff8001ef10                ixgbepf_ioctl
 .text          0xffffffff8001f091        0x0 /home/asergey/runtime-EclipseApplication/x86dev/lib/libdrivers.a(ixgbepfinfo.o)
 *fill*         0xffffffff8001f091        0xf 9090
 .text          0xffffffff8001f0a0      0x8d5 /home/asergey/runtime-EclipseApplication/x86dev/lib/libdrivers.a(lcsdrvr.o)
                0xffffffff8001f1a0                lcs_install
                0xffffffff8001f1d0                lcs_uninstall
                0xffffffff8001f390                update_peer_entry
                0xffffffff8001f530                delete_peer_entry
                0xffffffff8001f690                lcs_ioctl
 .text          0xffffffff8001f975        0x0 /home/asergey/runtime-EclipseApplication/x86dev/lib/libdrivers.a(lcsinfo.o)
 *fill*         0xffffffff8001f975        0xb 9090
 .text          0xffffffff8001f980      0x20e /home/asergey/runtime-EclipseApplication/x86dev/lib/libdrivers.a(lsk_fifo_pci.o)
                0xffffffff8001f980                lsk_fifo_pci_install
 *fill*         0xffffffff8001fb8e        0x2 9090
 .text          0xffffffff8001fb90      0x7fb /home/asergey/runtime-EclipseApplication/x86dev/lib/libdrivers.a(lsk_fifodrvr.o)
                0xffffffff8001fb90                lsk_fifo_install
                0xffffffff8001fc90                cleanup_fifo_lines
                0xffffffff8001fd00                lsk_fifo_uninstall
                0xffffffff8001fd30                lsk_fifo_read
                0xffffffff80020060                lsk_fifo_write
 .text          0xffffffff8002038b        0x0 /home/asergey/runtime-EclipseApplication/x86dev/lib/libdrivers.a(lsk_fifoinfo.o)
 *fill*         0xffffffff8002038b        0x5 9090
 .text          0xffffffff80020390     0x16fe /home/asergey/runtime-EclipseApplication/x86dev/lib/libdrivers.a(hmdrvr.o)
                0xffffffff80020390                hm_open
                0xffffffff80020960                hm_install
                0xffffffff80020c10                hm_set_exception_handler
                0xffffffff80020f10                hm_read
                0xffffffff80021040                hm_close
                0xffffffff80021210                hm_write
                0xffffffff80021310                hm_raise_system_error_ext
                0xffffffff80021670                hm_clear_system_error
                0xffffffff800218e0                hm_ioctl
 .text          0xffffffff80021a8e        0x0 /home/asergey/runtime-EclipseApplication/x86dev/lib/libdrivers.a(hminfo.o)
 *fill*         0xffffffff80021a8e        0x2 9090
 .text          0xffffffff80021a90      0x6d3 /home/asergey/runtime-EclipseApplication/x86dev/lib/libdrivers.a(mmapdrvr.o)
                0xffffffff80021b80                mmapioctl
 *fill*         0xffffffff80022163        0xd 9090
 .text          0xffffffff80022170     0x2cae /home/asergey/runtime-EclipseApplication/x86dev/lib/libdrivers.a(ahci.o)
                0xffffffff80022170                ahci_ctlr_reset
                0xffffffff800221f0                ahci_ctlr_setup
                0xffffffff80022280                ahci_attach
                0xffffffff800224e0                ahci_intr
                0xffffffff80022580                ahci_setup_intr
                0xffffffff800225b0                ahci_dmainit
                0xffffffff80022650                ahci_dmafini
                0xffffffff800226f0                ahci_slotsalloc
                0xffffffff80022760                ahci_slotsfree
                0xffffffff800227c0                ahci_notify_events
                0xffffffff800227e0                ahci_check_collision
                0xffffffff80022900                ahci_rearm_timeout
                0xffffffff80022990                ahci_process_read_log
                0xffffffff80022b30                ahci_process_request_sense
                0xffffffff80022bd0                ahci_start
                0xffffffff80022c60                ahci_ch_init
                0xffffffff80022d10                ahci_ch_attach
                0xffffffff80022ef0                ahci_stop
                0xffffffff80022f60                ahci_clo
                0xffffffff80022fd0                ahci_reset_to
                0xffffffff800230a0                ahci_stop_fr
                0xffffffff80023110                ahci_ch_deinit
                0xffffffff80023190                ahci_ch_detach
                0xffffffff80023230                ahci_start_fr
                0xffffffff80023250                ahci_wait_ready
                0xffffffff800232d0                ahci_setup_fis
                0xffffffff800233f0                ahci_sata_connect
                0xffffffff80023490                ahci_sata_phy_reset
                0xffffffff800235f0                ahci_reset
                0xffffffff80023880                ahci_phy_check_events
                0xffffffff800238c0                ahci_issue_recovery
                0xffffffff80023a50                ahci_end_transaction
                0xffffffff80023f60                ahci_execute_transaction
                0xffffffff80024370                ahci_dmasetprd
                0xffffffff800243f0                ahci_begin_transaction
                0xffffffff80024630                ahci_process_timeout
                0xffffffff800246a0                ahci_timeout
                0xffffffff80024880                ahci_cpd_check_events
                0xffffffff800248b0                ahci_ch_intr
                0xffffffff80024d30                ahci_check_ids
                0xffffffff80024d90                ahciaction
 *fill*         0xffffffff80024e1e        0x2 9090
 .text          0xffffffff80024e20      0x299 /home/asergey/runtime-EclipseApplication/x86dev/lib/libdrivers.a(ahci-port.o)
                0xffffffff80024e20                device_add_child
                0xffffffff80024ea0                bus_generic_attach
                0xffffffff80024f20                callout_schedule
                0xffffffff80024f30                callout_reset
                0xffffffff80024f50                callout_stop
                0xffffffff80024f60                xpt_alloc_ccb_nowait
                0xffffffff80025030                xpt_free_ccb
                0xffffffff800250a0                xpt_done
 *fill*         0xffffffff800250b9        0x7 9090
 .text          0xffffffff800250c0     0x3e35 /home/asergey/runtime-EclipseApplication/x86dev/lib/libdrivers.a(dis_x86_64.o)
                0xffffffff800250c0                __kdb_dis_end
                0xffffffff800250c0                __kdb_dis_start
                0xffffffff80028e10                skdb_dis_insts
                0xffffffff80028ee0                skdb_sdis_inst
 *fill*         0xffffffff80028ef5        0xb 9090
 .text          0xffffffff80028f00      0xb47 /home/asergey/runtime-EclipseApplication/x86dev/lib/libdrivers.a(kdb_x86_64.o)
                0xffffffff80028f00                __kdb_arch_start
                0xffffffff80028f00                __kdb_arch_end
                0xffffffff80028f60                skdb_extra_install
                0xffffffff80028f80                skdb_extra_uninstall
                0xffffffff80028fa0                skdb_entering
                0xffffffff80028fd0                skdb_exiting
                0xffffffff80029000                skdb_trapname
                0xffffffff80029020                skdb_insert_bp
                0xffffffff80029060                skdb_remove_bp
                0xffffffff80029070                skdb_show_econtext
                0xffffffff80029330                skdb_show_regs
                0xffffffff800293b0                skdb_show_strace
                0xffffffff800295a0                skdb_cant_singlestep
                0xffffffff800295f0                skdb_kernel_context
                0xffffffff80029610                skdb_get_regvalbyname
                0xffffffff80029760                skdb_set_hbp
                0xffffffff800298d0                skdb_clr_hbp
                0xffffffff80029900                skdb_get_prev_inst_pc
                0xffffffff80029970                skdb_get_next_inst_pcs
                0xffffffff800299c0                skdb_arch_real_ss
                0xffffffff800299d0                skdb_arch_get_ext_context
                0xffffffff80029a10                skdb_arch_put_ext_context
 *fill*         0xffffffff80029a47        0x9 9090
 .text          0xffffffff80029a50     0x3437 /home/asergey/runtime-EclipseApplication/x86dev/lib/libdrivers.a(remote.o)
                0xffffffff8002bee0                skdb_rmt_badaddr
                0xffffffff8002bef0                skdb_rmt_panic
                0xffffffff8002bf30                skdb_rmt_singlestep
                0xffffffff8002bfc0                skdb_readline
                0xffffffff8002ce00                skdb_rmt_reentry
 *fill*         0xffffffff8002ce87        0x9 9090
 .text          0xffffffff8002ce90      0x23a /home/asergey/runtime-EclipseApplication/x86dev/lib/libdrivers.a(tty_io.o)
                0xffffffff8002ce90                tty_read_reg
                0xffffffff8002cef0                tty_write_reg
                0xffffffff8002cf50                tty_rmw_reg_or
                0xffffffff8002d010                tty_rmw_reg_and
 *fill*         0xffffffff8002d0ca        0x6 9090
 .text          0xffffffff8002d0d0     0x13b7 /home/asergey/runtime-EclipseApplication/x86dev/lib/libdrivers.a(usbdi.o)
                0xffffffff8002d210                usbd_init
                0xffffffff8002d220                usbd_finish
                0xffffffff8002d230                usbd_open_pipe
                0xffffffff8002d250                usbd_transfer
                0xffffffff8002d3f0                usbd_sync_transfer
                0xffffffff8002d400                usbd_alloc_buffer
                0xffffffff8002d450                usbd_free_buffer
                0xffffffff8002d490                usbd_get_buffer
                0xffffffff8002d4c0                usbd_alloc_xfer
                0xffffffff8002d510                usbd_free_xfer
                0xffffffff8002d570                usbd_close_pipe
                0xffffffff8002d650                usbd_open_pipe_intr
                0xffffffff8002d7a0                usbd_setup_xfer
                0xffffffff8002d7f0                usbd_setup_default_xfer
                0xffffffff8002d850                usbd_setup_isoc_xfer
                0xffffffff8002d8b0                usbd_get_xfer_status
                0xffffffff8002d8f0                usbd_get_config_descriptor
                0xffffffff8002d900                usbd_get_interface_descriptor
                0xffffffff8002d910                usbd_get_device_descriptor
                0xffffffff8002d920                usbd_interface2endpoint_descriptor
                0xffffffff8002d950                usbd_abort_pipe
                0xffffffff8002d9c0                usbd_clear_endpoint_toggle
                0xffffffff8002d9d0                usbd_endpoint_count
                0xffffffff8002d9f0                usbd_interface_count
                0xffffffff8002da20                usbd_interface2device_handle
                0xffffffff8002da30                usbd_device2interface_handle
                0xffffffff8002da80                usbd_pipe2device_handle
                0xffffffff8002da90                usbd_get_no_alts
                0xffffffff8002dae0                usbd_get_interface_altindex
                0xffffffff8002daf0                usb_transfer_complete
                0xffffffff8002de00                usb_insert_transfer
                0xffffffff8002de40                usbd_do_request_flags_pipe
                0xffffffff8002dfb0                usbd_do_request_flags
                0xffffffff8002dfe0                usbd_do_request
                0xffffffff8002e010                usbd_get_interface
                0xffffffff8002e060                usbd_clear_endpoint_stall
                0xffffffff8002e0d0                usbd_set_interface
                0xffffffff8002e180                usbd_do_request_async
                0xffffffff8002e280                usbd_clear_endpoint_stall_async
                0xffffffff8002e2e0                usbd_get_quirks
                0xffffffff8002e2f0                usbd_dopoll
                0xffffffff8002e310                usbd_set_polling
                0xffffffff8002e370                usbd_get_endpoint_descriptor
                0xffffffff8002e3c0                usbd_ratecheck
                0xffffffff8002e3e0                usb_match_device
                0xffffffff8002e430                usb_desc_iter_init
                0xffffffff8002e450                usb_desc_iter_next
 *fill*         0xffffffff8002e487        0x9 9090
 .text          0xffffffff8002e490     0x117b /home/asergey/runtime-EclipseApplication/x86dev/lib/libdrivers.a(usb_lynxos.o)
                0xffffffff8002e490                lynxos_dmamap_load_mbuf
                0xffffffff8002e4a0                lynxos_dmamap_load_raw
                0xffffffff8002e4b0                lynxos_dmamap_unload
                0xffffffff8002e4d0                lynxos_dmamap_sync
                0xffffffff8002e4e0                lynxos_dmamem_unmap
                0xffffffff8002e4f0                lynxos_dmamem_mmap
                0xffffffff8002e500                lynxos_dmamap_load
                0xffffffff8002e560                lynxos_dmamem_alloc
                0xffffffff8002e5d0                lynxos_dmamem_free
                0xffffffff8002e740                lynxos_dmamap_load_uio
                0xffffffff8002e750                lynxos_dmamem_map
                0xffffffff8002e7a0                lynxos_dmamap_create
                0xffffffff8002e860                lynxos_dmamap_destroy
                0xffffffff8002e8b0                lynxos_find_device
                0xffffffff8002e9b0                lynxos_uiomove
                0xffffffff8002eb60                lynxos_malloc
                0xffffffff8002ebd0                lynxos_free
                0xffffffff8002ec20                lynxos_microtime
                0xffffffff8002ec70                lynxos_init_tsleep
                0xffffffff8002ed20                lynxos_tsleep
                0xffffffff8002ee20                lynxos_wakeup
                0xffffffff8002ee90                lynxos_psignal
                0xffffffff8002eea0                ratecheck
                0xffffffff8002ef30                mapply
                0xffffffff8002ef90                config_search
                0xffffffff8002f070                config_makeroom
                0xffffffff8002f0f0                config_attach
                0xffffffff8002f350                config_found_sm
                0xffffffff8002f3b0                config_deactivate
                0xffffffff8002f410                config_detach
 *fill*         0xffffffff8002f60b        0x5 9090
 .text          0xffffffff8002f610     0x1fbe /home/asergey/runtime-EclipseApplication/x86dev/lib/libdrivers.a(usb_subr.o)
                0xffffffff8002f710                usbd_errstr
                0xffffffff8002f750                usbd_get_string_desc
                0xffffffff8002fb50                usbd_printBCD
                0xffffffff8002fb70                usbd_devinfo
                0xffffffff8002fcf0                usb_delay_ms
                0xffffffff8002fd70                usbd_delay_ms
                0xffffffff8002fdf0                usbd_reset_port
                0xffffffff8002fec0                usbd_find_idesc
                0xffffffff8002ff40                usbd_find_edesc
                0xffffffff8002ffc0                usbd_fill_iface_data
                0xffffffff80030160                usbd_set_config
                0xffffffff80030190                usbd_set_config_index
                0xffffffff800305d0                usbd_set_config_no
                0xffffffff80030690                usbd_setup_pipe
                0xffffffff80030780                usbd_kill_pipe
                0xffffffff800307f0                usbd_attach_roothub
                0xffffffff800308c0                usbd_probe_and_attach
                0xffffffff80030c00                usbd_get_initial_ddesc
                0xffffffff80030c90                usbd_new_device
                0xffffffff80031150                usbd_reload_device_desc
                0xffffffff800311a0                usbd_remove_device
                0xffffffff800311f0                usbd_fill_deviceinfo
                0xffffffff80031450                usb_free_device
                0xffffffff80031520                usb_disconnect_port
 *fill*         0xffffffff800315ce        0x2 9090
 .text          0xffffffff800315d0      0x2b0 /home/asergey/runtime-EclipseApplication/x86dev/lib/libdrivers.a(usb_callouts.o)
                0xffffffff800316c0                usb_callout_stop
                0xffffffff80031750                usb_callout_reset
                0xffffffff800317f0                usb_callout_init
                0xffffffff80031810                usb_init_callouts
 .text          0xffffffff80031880      0x2f1 /home/asergey/runtime-EclipseApplication/x86dev/lib/libdrivers.a(ohci_drvr.o)
                0xffffffff80031880                ohci_pci_match
                0xffffffff80031890                ohci_pci_attach
                0xffffffff800318a0                ohci_pci_detach
                0xffffffff800318b0                ohci_install
                0xffffffff80031b40                ohci_uninstall
 *fill*         0xffffffff80031b71        0xf 9090
 .text          0xffffffff80031b80     0x40de /home/asergey/runtime-EclipseApplication/x86dev/lib/libdrivers.a(ohci.o)
                0xffffffff80035080                ohci_activate
                0xffffffff800350a0                ohci_detach
                0xffffffff800350e0                ohci_init
                0xffffffff80035c00                ohci_intr
 *fill*         0xffffffff80035c5e        0x2 9090
 .text          0xffffffff80035c60      0x20e /home/asergey/runtime-EclipseApplication/x86dev/lib/libdrivers.a(ohci_map.o)
                0xffffffff80035c60                ohci_map_match
                0xffffffff80035c70                ohci_map_attach
                0xffffffff80035c80                ohci_map_detach
                0xffffffff80035c90                ohci_map_install
                0xffffffff80035e30                ohci_map_uninstall
 *fill*         0xffffffff80035e6e        0x2 9090
 .text          0xffffffff80035e70      0x1b4 /home/asergey/runtime-EclipseApplication/x86dev/lib/libdrivers.a(ehci_map.o)
                0xffffffff80035e70                ehci_map_match
                0xffffffff80035e80                ehci_map_attach
                0xffffffff80035e90                ehci_map_detach
                0xffffffff80035ea0                ehci_map_install
 *fill*         0xffffffff80036024        0xc 9090
 .text          0xffffffff80036030     0x54c1 /home/asergey/runtime-EclipseApplication/x86dev/lib/libdrivers.a(ehci.o)
                0xffffffff8003a430                ehci_init
                0xffffffff8003b380                ehci_intr
                0xffffffff8003b460                ehci_detach
                0xffffffff8003b4b0                ehci_activate
 *fill*         0xffffffff8003b4f1        0xf 9090
 .text          0xffffffff8003b500      0x1c8 /home/asergey/runtime-EclipseApplication/x86dev/lib/libdrivers.a(xhci_map.o)
                0xffffffff8003b500                xhci_map_match
                0xffffffff8003b510                xhci_map_attach
                0xffffffff8003b520                xhci_map_detach
                0xffffffff8003b530                xhci_map_install
 *fill*         0xffffffff8003b6c8        0x8 9090
 .text          0xffffffff8003b6d0     0x4981 /home/asergey/runtime-EclipseApplication/x86dev/lib/libdrivers.a(xhci.o)
                0xffffffff8003ee60                xhci_childdet
                0xffffffff8003ee90                xhci_detach
                0xffffffff8003f1c0                xhci_activate
                0xffffffff8003f1f0                xhci_init
                0xffffffff8003ffc0                xhci_intr
 *fill*         0xffffffff80040051        0xf 9090
 .text          0xffffffff80040060     0x14a8 /home/asergey/runtime-EclipseApplication/x86dev/lib/libdrivers.a(uhub.o)
                0xffffffff80040060                uhub_match
                0xffffffff800408d0                uhub_activate
                0xffffffff800409b0                uhub_detach
                0xffffffff80040ca0                uhub_attach
                0xffffffff80041480                uhub_install
                0xffffffff800414d0                uhub_uninstall
 *fill*         0xffffffff80041508        0x8 9090
 .text          0xffffffff80041510      0x87f /home/asergey/runtime-EclipseApplication/x86dev/lib/libdrivers.a(uhidev.o)
                0xffffffff80041520                uhidev_match
                0xffffffff80041580                uhidev_attach
                0xffffffff800418a0                uhidev_detach
                0xffffffff80041a50                uhidev_activate
                0xffffffff80041af0                uhidev_get_report_desc
                0xffffffff80041b10                uhidev_open
                0xffffffff80041c20                uhidev_close
                0xffffffff80041c90                uhidev_set_report
                0xffffffff80041d00                uhidev_set_report_async
                0xffffffff80041d70                uhidev_get_report
 *fill*         0xffffffff80041d8f        0x1 9090
 .text          0xffffffff80041d90      0xd02 /home/asergey/runtime-EclipseApplication/x86dev/lib/libdrivers.a(ukbd.o)
                0xffffffff80041d90                ukbd_activate
                0xffffffff80041db0                ukbd_match
                0xffffffff80041e40                ukbd_detach
                0xffffffff80042430                ukbd_attach
                0xffffffff80042a80                ukbd_cnattach
 .text          0xffffffff80042a92        0x0 /home/asergey/runtime-EclipseApplication/x86dev/lib/libdrivers.a(ukbdmap.o)
 *fill*         0xffffffff80042a92        0xe 9090
 .text          0xffffffff80042aa0      0x505 /home/asergey/runtime-EclipseApplication/x86dev/lib/libdrivers.a(ums.o)
                0xffffffff80042aa0                ums_activate
                0xffffffff80042ac0                ums_detach
                0xffffffff80042b00                ums_match
                0xffffffff80042b50                ums_attach
                0xffffffff80042e20                lynx_wsmouse_input
 *fill*         0xffffffff80042fa5        0xb 9090
 .text          0xffffffff80042fb0     0x15c3 /home/asergey/runtime-EclipseApplication/x86dev/lib/libdrivers.a(umass.o)
                0xffffffff80043030                umass_detach
                0xffffffff800430c0                umass_activate
                0xffffffff80043100                umass_match
                0xffffffff800440f0                umass_bbb_get_max_lun
                0xffffffff80044140                umass_attach
 *fill*         0xffffffff80044573        0xd 9090
 .text          0xffffffff80044580      0x112 /home/asergey/runtime-EclipseApplication/x86dev/lib/libdrivers.a(umass_quirks.o)
                0xffffffff80044670                umass_lookup
 *fill*         0xffffffff80044692        0xe 9090
 .text          0xffffffff800446a0      0x5ee /home/asergey/runtime-EclipseApplication/x86dev/lib/libdrivers.a(virtqueue.o)
                0xffffffff800446a0                virtqueue_alloc
                0xffffffff80044860                virtqueue_free
                0xffffffff800448a0                virtqueue_paddr
                0xffffffff800448c0                virtqueue_desc_paddr
                0xffffffff800448e0                virtqueue_avail_paddr
                0xffffffff80044900                virtqueue_used_paddr
                0xffffffff80044920                virtqueue_notify
                0xffffffff80044990                virtqueue_nused
                0xffffffff800449b0                virtqueue_intr_filter
                0xffffffff80044a00                virtqueue_enqueue
                0xffffffff80044b50                virtqueue_desc_retired
                0xffffffff80044ba0                virtqueue_dequeue
 *fill*         0xffffffff80044c8e        0x2 9090
 .text          0xffffffff80044c90      0x5de /home/asergey/runtime-EclipseApplication/x86dev/lib/libdrivers.a(virtio_pci.o)
                0xffffffff80044d90                vtpci_get_status
                0xffffffff80044db0                vtpci_set_status
                0xffffffff80044de0                vtpci_attach
                0xffffffff80044f80                vtpci_negotiate_features
                0xffffffff80045050                vtpci_alloc_virtqueues
                0xffffffff800451f0                vtpci_reinit_complete
                0xffffffff80045210                vtpci_notify_virtqueue
                0xffffffff80045230                vtpci_read_dev_config
 *fill*         0xffffffff8004526e        0x2 9090
 .text          0xffffffff80045270     0x10f8 /home/asergey/runtime-EclipseApplication/x86dev/lib/libdrivers.a(if_igc.o)
                0xffffffff80045470                igc_tx_queues_alloc
                0xffffffff80045590                igc_rx_queues_alloc
                0xffffffff80045b00                igc_if_init
                0xffffffff80045f80                igc_if_attach
                0xffffffff80046330                igc_if_stop
 *fill*         0xffffffff80046368        0x8 9090
 .text          0xffffffff80046370     0x1268 /home/asergey/runtime-EclipseApplication/x86dev/lib/libdrivers.a(igc_i225.o)
                0xffffffff800464b0                igc_acquire_swfw_sync_i225
                0xffffffff80046570                igc_release_swfw_sync_i225
                0xffffffff800465d0                igc_set_d0_lplu_state_i225
                0xffffffff80046620                igc_set_d3_lplu_state_i225
                0xffffffff80046670                igc_setup_copper_link_i225
                0xffffffff800466d0                igc_read_nvm_srrd_i225
                0xffffffff80046790                igc_check_for_link_i225
                0xffffffff80046be0                igc_init_hw_i225
                0xffffffff80046c90                igc_validate_nvm_checksum_i225
                0xffffffff80046df0                igc_write_nvm_srwr_i225
                0xffffffff80047080                igc_get_flash_presence_i225
                0xffffffff800470a0                igc_set_flsw_flash_burst_counter_i225
                0xffffffff800470e0                igc_write_erase_flash_command_i225
                0xffffffff80047190                igc_update_flash_i225
                0xffffffff80047370                igc_update_nvm_checksum_i225
                0xffffffff80047460                igc_init_function_pointers_i225
                0xffffffff800474b0                igc_set_eee_i225
 *fill*         0xffffffff800475d8        0x8 9090
 .text          0xffffffff800475e0      0xdda /home/asergey/runtime-EclipseApplication/x86dev/lib/libdrivers.a(igc_mac.o)
                0xffffffff800475e0                igc_null_ops_generic
                0xffffffff80047640                igc_rar_set_generic
                0xffffffff800476c0                igc_init_mac_ops_generic
                0xffffffff800476f0                igc_null_mac_generic
                0xffffffff80047700                igc_null_link_info
                0xffffffff80047710                igc_null_mng_mode
                0xffffffff80047720                igc_null_update_mc
                0xffffffff80047730                igc_null_write_vfta
                0xffffffff80047740                igc_null_rar_set
                0xffffffff80047750                igc_set_lan_id_single_port
                0xffffffff80047760                igc_clear_vfta_generic
                0xffffffff800477b0                igc_write_vfta_generic
                0xffffffff800477f0                igc_init_rx_addrs_generic
                0xffffffff80047860                igc_check_alt_mac_addr_generic
                0xffffffff80047990                igc_hash_mc_addr_generic
                0xffffffff80047a10                igc_update_mc_addr_list_generic
                0xffffffff80047ae0                igc_clear_hw_cntrs_base_generic
                0xffffffff80047d40                igc_setup_link_generic
                0xffffffff80047e60                igc_set_fc_watermarks_generic
                0xffffffff80047ed0                igc_force_mac_fc_generic
                0xffffffff80048080                igc_check_for_copper_link_generic
                0xffffffff80048110                igc_config_fc_after_link_up_generic
                0xffffffff80048130                igc_get_speed_and_duplex_copper_generic
                0xffffffff800481d0                igc_get_hw_semaphore_generic
                0xffffffff800482c0                igc_put_hw_semaphore_generic
                0xffffffff80048300                igc_get_auto_rd_done_generic
                0xffffffff80048350                igc_disable_pcie_master_generic
 *fill*         0xffffffff800483ba        0x6 9090
 .text          0xffffffff800483c0      0xbdd /home/asergey/runtime-EclipseApplication/x86dev/lib/libdrivers.a(igc_nvm.o)
                0xffffffff800483c0                igc_null_read_nvm
                0xffffffff800483d0                igc_null_nvm_generic
                0xffffffff800484c0                igc_null_write_nvm
                0xffffffff800485e0                igc_init_nvm_ops_generic
                0xffffffff80048640                igc_poll_eerd_eewr_done
                0xffffffff800486c0                igc_acquire_nvm_generic
                0xffffffff80048750                igc_release_nvm_generic
                0xffffffff800487d0                igc_read_nvm_eerd
                0xffffffff800488d0                igc_write_nvm_spi
                0xffffffff80048ba0                igc_read_pba_string_generic
                0xffffffff80048dc0                igc_read_mac_addr_generic
                0xffffffff80048e30                igc_read_mac_addr_standard
                0xffffffff80048ea0                igc_validate_nvm_checksum_generic
                0xffffffff80048f10                igc_update_nvm_checksum_generic
 *fill*         0xffffffff80048f9d        0x3 9090
 .text          0xffffffff80048fa0      0xe35 /home/asergey/runtime-EclipseApplication/x86dev/lib/libdrivers.a(igc_phy.o)
                0xffffffff80048fa0                igc_null_set_page
                0xffffffff80048fb0                igc_null_read_reg
                0xffffffff80048fc0                igc_null_phy_generic
                0xffffffff80048fd0                igc_null_lplu_state
                0xffffffff80048fe0                igc_null_write_reg
                0xffffffff800491e0                igc_init_phy_ops_generic
                0xffffffff800492b0                igc_check_reset_block_generic
                0xffffffff800492e0                igc_get_phy_id
                0xffffffff80049380                igc_read_phy_reg_mdic
                0xffffffff80049440                igc_write_phy_reg_mdic
                0xffffffff80049500                igc_setup_copper_link_generic
                0xffffffff800498b0                igc_phy_force_speed_duplex_setup
                0xffffffff80049960                igc_set_d3_lplu_state_generic
                0xffffffff80049a90                igc_check_downshift_generic
                0xffffffff80049aa0                igc_phy_has_link_generic
                0xffffffff80049ac0                igc_phy_hw_reset_generic
                0xffffffff80049bc0                igc_power_up_phy_copper
                0xffffffff80049c10                igc_power_down_phy_copper
                0xffffffff80049c60                igc_write_phy_reg_gpy
                0xffffffff80049d00                igc_read_phy_reg_gpy
                0xffffffff80049d90                igc_read_xmdio_reg
                0xffffffff80049db0                igc_write_xmdio_reg
 *fill*         0xffffffff80049dd5        0xb 9090
 .text          0xffffffff80049de0      0x70a /home/asergey/runtime-EclipseApplication/x86dev/lib/libdrivers.a(lfatfs_blk.o)
                0xffffffff80049de0                lfat_getblkp
                0xffffffff80049f90                lfat_wgetblkp
                0xffffffff8004a1f0                lfat_trunc_inode
                0xffffffff8004a3b0                lfat_trunc2_inode
 *fill*         0xffffffff8004a4ea        0x6 9090
 .text          0xffffffff8004a4f0     0x1696 /home/asergey/runtime-EclipseApplication/x86dev/lib/libdrivers.a(lfatfs_dent.o)
                0xffffffff8004a4f0                lfat_getdents
                0xffffffff8004abd0                lfat_find_entry
                0xffffffff8004b120                lfat_remove_entry
                0xffffffff8004b6d0                lfat_make_entry
 *fill*         0xffffffff8004bb86        0xa 9090
 .text          0xffffffff8004bb90      0x8e8 /home/asergey/runtime-EclipseApplication/x86dev/lib/libdrivers.a(lfatfs_dir.o)
                0xffffffff8004bb90                lfat_mkdir
                0xffffffff8004c190                lfat_rmdir
                0xffffffff8004c370                lfat_other_entries
                0xffffffff8004c470                lfat_newdotdot
 *fill*         0xffffffff8004c478        0x8 9090
 .text          0xffffffff8004c480     0x119c /home/asergey/runtime-EclipseApplication/x86dev/lib/libdrivers.a(lfatfs_inode.o)
                0xffffffff8004c480                lfat_read_inode
                0xffffffff8004c8a0                lfat_deupdate
                0xffffffff8004c9f0                lfat_removede
                0xffffffff8004ca60                lfat_write_inode
                0xffffffff8004ce60                lfat_make_inode
                0xffffffff8004d440                lfat_free_inode
                0xffffffff8004d600                lfat_new_inode
 *fill*         0xffffffff8004d61c        0x4 9090
 .text          0xffffffff8004d620      0xab5 /home/asergey/runtime-EclipseApplication/x86dev/lib/libdrivers.a(lfatfs_mnt.o)
                0xffffffff8004d620                lfat_interrogate_fs
                0xffffffff8004d720                lfat_mount
                0xffffffff8004dec0                lfat_umount
                0xffffffff8004dfa0                lfat_get_volume_info
 *fill*         0xffffffff8004e0d5        0xb 9090
 .text          0xffffffff8004e0e0      0xac5 /home/asergey/runtime-EclipseApplication/x86dev/lib/libdrivers.a(lfat_sup.o)
                0xffffffff8004e0e0                get_fat_blk
                0xffffffff8004e280                rel_fat_blk
                0xffffffff8004e3d0                findslot
                0xffffffff8004e5e0                clusterzero
                0xffffffff8004e750                vtruncbuf
                0xffffffff8004e800                numdirslots
                0xffffffff8004e920                make_inum
                0xffffffff8004e9f0                inum2dep
                0xffffffff8004eb20                dep2inum
 *fill*         0xffffffff8004eba5        0xb 9090
 .text          0xffffffff8004ebb0      0xd8b /home/asergey/runtime-EclipseApplication/x86dev/lib/libdrivers.a(msdosfs_conv.o)
                0xffffffff8004ebb0                unix2dostime
                0xffffffff8004edd0                dos2unixtime
                0xffffffff8004ef30                dos2unixfn
                0xffffffff8004f020                unix2dosfn
                0xffffffff8004f3f0                unix2winfn
                0xffffffff8004f550                winChkName
                0xffffffff8004f6f0                win2unixfn
                0xffffffff8004f8d0                winChksum
                0xffffffff8004f8f0                winSlotCnt
 *fill*         0xffffffff8004f93b        0x5 9090
 .text          0xffffffff8004f940      0x8d0 /home/asergey/runtime-EclipseApplication/x86dev/lib/libdrivers.a(msdosfs_denode.o)
                0xffffffff8004f9b0                msdosfs_init
                0xffffffff8004fa00                msdosfs_reinit
                0xffffffff8004faf0                msdosfs_done
                0xffffffff8004fba0                lfatfs_hashrem
                0xffffffff8004fbf0                lfatfs_hashins
                0xffffffff8004fc00                deget
                0xffffffff8004ff60                deupdat
                0xffffffff8004ff70                deextend
                0xffffffff80050070                detrunc
 .text          0xffffffff80050210     0x1787 /home/asergey/runtime-EclipseApplication/x86dev/lib/libdrivers.a(msdosfs_fat.o)
                0xffffffff80050590                fc_lookup
                0xffffffff800505f0                pcbmap
                0xffffffff80050a00                fc_purge
                0xffffffff80050a30                updatefats
                0xffffffff80050a50                clusterfree
                0xffffffff80050b10                fatentry
                0xffffffff80050b30                chainlength
                0xffffffff80050c10                chainalloc
                0xffffffff80050f60                clusteralloc
                0xffffffff80051220                freeclusterchain
                0xffffffff800514c0                fillinusemap
                0xffffffff80051680                extendfile
 *fill*         0xffffffff80051997        0x9 9090
 .text          0xffffffff800519a0     0x118b /home/asergey/runtime-EclipseApplication/x86dev/lib/libdrivers.a(msdosfs_lookup.o)
                0xffffffff800519a0                createde
                0xffffffff80052180                dosdirempty
                0xffffffff80052320                doscheckpath
                0xffffffff80052500                readep
                0xffffffff80052630                readde
                0xffffffff80052650                removede
                0xffffffff800527f0                uniqdosname
                0xffffffff800529f0                findwin95
 *fill*         0xffffffff80052b2b        0x5 9090
 .text          0xffffffff80052b30      0xc8c /home/asergey/runtime-EclipseApplication/x86dev/lib/libdrivers.a(if_ix.o)
                0xffffffff80052b30                ixgbe_msix_link
                0xffffffff80053540                ixgbe_if_init
 *fill*         0xffffffff800537bc        0x4 9090
 .text          0xffffffff800537c0      0x7c1 /home/asergey/runtime-EclipseApplication/x86dev/lib/libdrivers.a(if_sriov.o)
                0xffffffff800537c0                ixgbe_if_iov_init
                0xffffffff800538c0                ixgbe_process_vf_reset
                0xffffffff80053c30                ixgbe_process_vf_msg
                0xffffffff80053d80                ixgbe_initialize_iov
                0xffffffff80053f00                ixgbepf_enable_pci_sriov
 *fill*         0xffffffff80053f81        0xf 9090
 .text          0xffffffff80053f90      0x10a /home/asergey/runtime-EclipseApplication/x86dev/lib/libdrivers.a(ixgbe_api.o)
                0xffffffff80054020                ixgbe_init_shared_code
 *fill*         0xffffffff8005409a        0x6 9090
 .text          0xffffffff800540a0     0x17eb /home/asergey/runtime-EclipseApplication/x86dev/lib/libdrivers.a(ixgbe_common.o)
                0xffffffff800540a0                ixgbe_clear_hw_cntrs_generic
                0xffffffff80054650                ixgbe_get_mac_addr_generic
                0xffffffff800546b0                ixgbe_setup_fc_generic
                0xffffffff80054780                ixgbe_set_rar_generic
                0xffffffff80054890                ixgbe_disable_rx_generic
                0xffffffff800548e0                ixgbe_enable_rx_generic
                0xffffffff800549b0                ixgbe_clear_rar_generic
                0xffffffff80054a70                ixgbe_init_hw_generic
                0xffffffff80054b10                ixgbe_init_ops_generic
                0xffffffff80054c40                ixgbe_start_hw_generic
                0xffffffff80054cd0                ixgbe_start_hw_gen2
                0xffffffff80054dc0                ixgbe_validate_mac_addr
                0xffffffff80054e10                ixgbe_init_rx_addrs_generic
                0xffffffff80055010                ixgbe_disable_pcie_master
                0xffffffff800550d0                ixgbe_stop_adapter_generic
                0xffffffff80055200                ixgbe_clear_vmdq_generic
                0xffffffff80055240                ixgbe_set_vmdq_generic
                0xffffffff80055290                ixgbe_disable_rss
                0xffffffff800552d0                ixgbe_init_uta_tables_generic
                0xffffffff80055310                ixgbe_set_rxpba_generic
                0xffffffff800553d0                ixgbe_clear_tx_pending
                0xffffffff800554f0                ixgbe_mng_present
                0xffffffff80055530                ixgbe_hic_unlocked
                0xffffffff80055690                ixgbe_host_interface_command
                0xffffffff80055810                ixgbe_set_mac_anti_spoofing
 *fill*         0xffffffff8005588b        0x5 9090
 .text          0xffffffff80055890      0x4b1 /home/asergey/runtime-EclipseApplication/x86dev/lib/libdrivers.a(ixgbepf_mbx.o)
                0xffffffff80055c00                ixgbe_send_vf_msg
                0xffffffff80055c40                ixgbe_send_vf_nack
                0xffffffff80055c70                ixgbepf_handle_mbx
 *fill*         0xffffffff80055d41        0xf 9090
 .text          0xffffffff80055d50      0x5b4 /home/asergey/runtime-EclipseApplication/x86dev/lib/libdrivers.a(ixgbe_x540.o)
                0xffffffff80055d50                ixgbe_get_media_type_X540
                0xffffffff80055da0                ixgbe_reset_hw_X540
                0xffffffff80055ee0                ixgbe_start_hw_X540
                0xffffffff80055f10                ixgbe_init_ops_X540
                0xffffffff800560f0                ixgbe_release_swfw_sync_X540
                0xffffffff80056170                ixgbe_acquire_swfw_sync_X540
 *fill*         0xffffffff80056304        0xc 9090
 .text          0xffffffff80056310      0x366 /home/asergey/runtime-EclipseApplication/x86dev/lib/libdrivers.a(ixgbe_x550.o)
                0xffffffff80056310                ixgbe_read_phy_reg_x550a
                0xffffffff80056390                ixgbe_write_phy_reg_x550a
                0xffffffff80056410                ixgbe_init_ops_X550EM_a
                0xffffffff80056460                ixgbe_get_phy_token
                0xffffffff80056560                ixgbe_put_phy_token
                0xffffffff80056610                ixgbe_set_mdio_speed
 *fill*         0xffffffff80056676        0xa 9090
 .text          0xffffffff80056680      0x3f8 /home/asergey/runtime-EclipseApplication/x86dev/lib/libdrivers.a(ixgbepf_vf_common.o)
                0xffffffff80056680                ixgbe_init_mbx_params
                0xffffffff800566d0                ixgbepf_if_msix_intr_assign
                0xffffffff800566f0                ixgbepf_if_tx_queues_alloc
                0xffffffff800567a0                ixgbepf_if_rx_queues_alloc
                0xffffffff80056850                ixgbepf_setup_tx_desc
                0xffffffff80056890                ixgbepf_setup_rx_desc
                0xffffffff80056920                ixgbepf_write_pci_cfg_dword
                0xffffffff80056990                ixgbepf_read_pci_cfg_dword
                0xffffffff80056a00                ixgbepf_map_resource
 *fill*         0xffffffff80056a78        0x8 9090
 .text          0xffffffff80056a80      0x215 /home/asergey/runtime-EclipseApplication/x86dev/lib/libdrivers.a(lcsthreads.o)
                0xffffffff80056c00                lcs_start_thread
 *fill*         0xffffffff80056c95        0xb 9090
 .text          0xffffffff80056ca0      0x676 /home/asergey/runtime-EclipseApplication/x86dev/lib/libdrivers.a(kbddrvr.o)
                0xffffffff80056e80                kbdmgrinstall
                0xffffffff80056ee0                kbdmgruninstall
                0xffffffff80056f10                kbdmgropen
                0xffffffff80056fd0                kbdmgrclose
                0xffffffff80057060                kbdmgrread
                0xffffffff80057220                kbdmgrioctl
                0xffffffff800572e0                kbdmgrselect
 *fill*         0xffffffff80057316        0xa 9090
 .text          0xffffffff80057320      0x75e /home/asergey/runtime-EclipseApplication/x86dev/lib/libdrivers.a(mousedrvr.o)
                0xffffffff80057550                mousemgrinstall
                0xffffffff800575b0                mousemgruninstall
                0xffffffff800575d0                mousemgropen
                0xffffffff800576a0                mousemgrclose
                0xffffffff80057730                mousemgrwrite
                0xffffffff800577d0                mousemgrread
                0xffffffff80057990                mousemgrioctl
                0xffffffff80057a50                mousemgrselect
 *fill*         0xffffffff80057a7e        0x2 9090
 .text          0xffffffff80057a80      0xae7 /home/asergey/runtime-EclipseApplication/x86dev/lib/libdrivers.a(usbdi_util.o)
                0xffffffff80057a90                usbd_get_desc
                0xffffffff80057ad0                usbd_get_config_desc
                0xffffffff80057b20                usbd_get_config_desc_full
                0xffffffff80057b60                usbd_get_bos_desc
                0xffffffff80057bb0                usbd_get_device_desc
                0xffffffff80057be0                usbd_get_device_status
                0xffffffff80057c10                usbd_get_hub_status
                0xffffffff80057c40                usbd_set_address
                0xffffffff80057c70                usbd_get_port_status
                0xffffffff80057ca0                usbd_clear_hub_feature
                0xffffffff80057cd0                usbd_set_hub_feature
                0xffffffff80057d00                usbd_clear_port_feature
                0xffffffff80057d40                usbd_set_port_feature
                0xffffffff80057d80                usbd_get_protocol
                0xffffffff80057e00                usbd_set_protocol
                0xffffffff80057e80                usbd_set_report
                0xffffffff80057f20                usbd_set_report_async
                0xffffffff80057fc0                usbd_get_report
                0xffffffff80058060                usbd_set_idle
                0xffffffff800580f0                usbd_get_report_descriptor
                0xffffffff80058120                usbd_get_hid_descriptor
                0xffffffff800581a0                usbd_read_report_desc
                0xffffffff800582d0                usbd_get_config
                0xffffffff80058300                usbd_bulk_transfer
                0xffffffff80058420                usb_detach_wait
                0xffffffff80058440                usb_detach_wakeup
                0xffffffff80058450                usb_find_desc
                0xffffffff800584a0                usb_find_desc_if
 *fill*         0xffffffff80058567        0x9 9090
 .text          0xffffffff80058570      0x4d1 /home/asergey/runtime-EclipseApplication/x86dev/lib/libdrivers.a(usb_mem.o)
                0xffffffff80058790                usb_allocmem
                0xffffffff80058950                usb_freemem
                0xffffffff80058a10                usb_syncmem
 *fill*         0xffffffff80058a41        0xf 9090
 .text          0xffffffff80058a50       0x4c /home/asergey/runtime-EclipseApplication/x86dev/lib/libdrivers.a(usb_quirks.o)
                0xffffffff80058a50                usbd_find_quirk
 *fill*         0xffffffff80058a9c        0x4 9090
 .text          0xffffffff80058aa0      0x6b8 /home/asergey/runtime-EclipseApplication/x86dev/lib/libdrivers.a(usbroothub.o)
                0xffffffff80058ae0                usb_makestrdesc
                0xffffffff80059120                usb_makelangtbl
 *fill*         0xffffffff80059158        0x8 9090
 .text          0xffffffff80059160      0xe0c /home/asergey/runtime-EclipseApplication/x86dev/lib/libdrivers.a(hid.o)
                0xffffffff80059160                hid_start_parse
                0xffffffff800591c0                hid_end_parse
                0xffffffff80059210                hid_get_item
                0xffffffff80059ae0                hid_report_size
                0xffffffff80059c00                hid_locate
                0xffffffff80059d90                hid_get_data
                0xffffffff80059e20                hid_is_collection
 *fill*         0xffffffff80059f6c        0x4 9090
 .text          0xffffffff80059f70      0x5e9 /home/asergey/runtime-EclipseApplication/x86dev/lib/libdrivers.a(igc_api.o)
                0xffffffff80059f70                igc_init_mac_params
                0xffffffff80059f90                igc_init_nvm_params
                0xffffffff80059fb0                igc_init_phy_params
                0xffffffff80059fd0                igc_set_mac_type
                0xffffffff8005a050                igc_setup_init_funcs
                0xffffffff8005a110                igc_get_bus_info
                0xffffffff8005a130                igc_clear_vfta
                0xffffffff8005a150                igc_write_vfta
                0xffffffff8005a170                igc_update_mc_addr_list
                0xffffffff8005a190                igc_force_mac_fc
                0xffffffff8005a1a0                igc_check_for_link
                0xffffffff8005a1c0                igc_reset_hw
                0xffffffff8005a1e0                igc_init_hw
                0xffffffff8005a200                igc_setup_link
                0xffffffff8005a220                igc_get_speed_and_duplex
                0xffffffff8005a240                igc_disable_pcie_master
                0xffffffff8005a250                igc_config_collision_dist
                0xffffffff8005a270                igc_rar_set
                0xffffffff8005a290                igc_validate_mdi_setting
                0xffffffff8005a2b0                igc_hash_mc_addr
                0xffffffff8005a2c0                igc_check_reset_block
                0xffffffff8005a2e0                igc_read_phy_reg
                0xffffffff8005a300                igc_write_phy_reg
                0xffffffff8005a330                igc_release_phy
                0xffffffff8005a350                igc_acquire_phy
                0xffffffff8005a370                igc_get_phy_info
                0xffffffff8005a390                igc_phy_hw_reset
                0xffffffff8005a3b0                igc_set_d0_lplu_state
                0xffffffff8005a3e0                igc_set_d3_lplu_state
                0xffffffff8005a410                igc_read_mac_addr
                0xffffffff8005a430                igc_read_pba_string
                0xffffffff8005a440                igc_validate_nvm_checksum
                0xffffffff8005a460                igc_update_nvm_checksum
                0xffffffff8005a480                igc_reload_nvm
                0xffffffff8005a4a0                igc_read_nvm
                0xffffffff8005a4d0                igc_write_nvm
                0xffffffff8005a500                igc_power_up_phy
                0xffffffff8005a540                igc_power_down_phy
 *fill*         0xffffffff8005a559        0x7 9090
 .text          0xffffffff8005a560      0x39f /home/asergey/runtime-EclipseApplication/x86dev/lib/libdrivers.a(igc_base.o)
                0xffffffff8005a560                igc_acquire_phy_base
                0xffffffff8005a580                igc_release_phy_base
                0xffffffff8005a5a0                igc_init_hw_base
                0xffffffff8005a660                igc_power_down_phy_copper_base
                0xffffffff8005a6b0                igc_rx_fifo_flush_base
 *fill*         0xffffffff8005a8ff        0x1 9090
 .text          0xffffffff8005a900      0x680 /home/asergey/runtime-EclipseApplication/x86dev/lib/libdrivers.a(ixgbe_phy.o)
                0xffffffff8005a900                ixgbe_read_phy_reg_generic
                0xffffffff8005a970                ixgbe_write_phy_reg_generic
                0xffffffff8005a9e0                ixgbe_read_phy_reg_mdi
                0xffffffff8005aaf0                ixgbe_write_phy_reg_mdi
                0xffffffff8005ac00                ixgbe_init_phy_ops_generic
                0xffffffff8005ac40                ixgbe_check_reset_blocked
                0xffffffff8005ac70                ixgbe_validate_phy_addr
                0xffffffff8005acb0                ixgbe_get_phy_id
                0xffffffff8005ad30                ixgbe_identify_phy_generic
                0xffffffff8005ae80                ixgbe_get_phy_type_from_id
                0xffffffff8005ae90                ixgbe_tn_check_overtemp
                0xffffffff8005aee0                ixgbe_set_copper_phy_power
 .text          0xffffffff8005af80        0x9 /home/asergey/runtime-EclipseApplication/x86dev/lib/libdrivers_rsc.a(nulldrvr.o)
                0xffffffff8005af80                nullwrite
 *fill*         0xffffffff8005af89        0x7 9090
 .text          0xffffffff8005af90     0x113d /home/asergey/runtime-EclipseApplication/x86dev/lib/libdrivers_rsc.a(rddrvr.o)
                0xffffffff8005b3a0                __get_mem_by_name
                0xffffffff8005b440                rrdinstall
                0xffffffff8005b720                rrduninstall
                0xffffffff8005b770                rrdread
                0xffffffff8005b810                rrdwrite
                0xffffffff8005b8d0                rrdopen
                0xffffffff8005b8f0                rrdclose
                0xffffffff8005b990                rdinstall
                0xffffffff8005b9a0                rdopen
                0xffffffff8005b9b0                rdclose
                0xffffffff8005ba50                rdstrategy
                0xffffffff8005bb70                rdioctl
                0xffffffff8005c0c0                rrdioctl
 .text          0xffffffff8005c0cd        0x0 /home/asergey/runtime-EclipseApplication/x86dev/lib/libdrivers_rsc.a(rdinfo.o)
 *fill*         0xffffffff8005c0cd        0x3 9090
 .text          0xffffffff8005c0d0      0x67b /home/asergey/runtime-EclipseApplication/x86dev/lib/libdrivers_rsc.a(vmosdrvr.o)
                0xffffffff8005c0d0                vmos_ioctl
 *fill*         0xffffffff8005c74b        0x5 9090
 .text          0xffffffff8005c750     0x1097 /home/asergey/runtime-EclipseApplication/x86dev/lib/libdrivers_rsc.a(arinc653drvr.o)
                0xffffffff8005c7e0                arinc_fault
                0xffffffff8005c890                arinc653_get_module_time
                0xffffffff8005ccc0                arinc653_install
                0xffffffff8005cf20                arinc653_uninstall
                0xffffffff8005cfa0                arinc653_open
                0xffffffff8005d0c0                arinc653_close
                0xffffffff8005d140                arinc653_ioctl
 .text          0xffffffff8005d7e7        0x0 /home/asergey/runtime-EclipseApplication/x86dev/lib/libdrivers_rsc.a(arinc653info.o)
 *fill*         0xffffffff8005d7e7        0x9 9090
 .text          0xffffffff8005d7f0     0x27c1 /home/asergey/runtime-EclipseApplication/x86dev/lib/libdrivers_rsc.a(arinc653drvr_inter.o)
                0xffffffff8005f7d0                arinc653_module_channels_free
                0xffffffff8005f8f0                arinc653_module_channels_allocate
                0xffffffff8005fd90                arinc653_partition_ports_free
                0xffffffff8005fe80                arinc653_partition_ports_allocate
                0xffffffff8005ff60                arinc653_handle_port_ioctl
 *fill*         0xffffffff8005ffb1        0xf 9090
 .text          0xffffffff8005ffc0      0x83b /home/asergey/runtime-EclipseApplication/x86dev/lib/liblcs.a(lldinit.o)
                0xffffffff8005ffc0                lld_ifp_by_name
                0xffffffff80060030                lld_ifp_by_index
                0xffffffff80060200                LldAttach
                0xffffffff800604a0                LldInit
                0xffffffff80060580                LldResAlloc
 *fill*         0xffffffff800607fb        0x5 9090
 .text          0xffffffff80060800      0xe46 /home/asergey/runtime-EclipseApplication/x86dev/lib/liblcs.a(llinput.o)
                0xffffffff800608d0                LldSchedule
                0xffffffff80060960                LldTxMaybeFaulty
                0xffffffff800609a0                LldTxInitiate
                0xffffffff80060c20                LldProcessTx
                0xffffffff80060f10                LldInput
                0xffffffff800610d0                LldProcessRx
                0xffffffff80061380                LldReleaseCompleted
 *fill*         0xffffffff80061646        0xa 9090
 .text          0xffffffff80061650      0x3d8 /home/asergey/runtime-EclipseApplication/x86dev/lib/liblcs.a(lld_pfifo_ts.o)
 *fill*         0xffffffff80061a28        0x8 9090
 .text          0xffffffff80061a30       0xf4 /home/asergey/runtime-EclipseApplication/x86dev/lib/liblcs.a(arminit.o)
                0xffffffff80061a30                ArmInitialize
 *fill*         0xffffffff80061b24        0xc 9090
 .text          0xffffffff80061b30      0x783 /home/asergey/runtime-EclipseApplication/x86dev/lib/liblcs.a(arp.o)
                0xffffffff80061b80                ArpFindEntry
                0xffffffff80061be0                ArpDeleteEntry
                0xffffffff80061cb0                ArpAddEntry
                0xffffffff80062000                arp_input
 *fill*         0xffffffff800622b3        0xd 9090
 .text          0xffffffff800622c0       0x1a /home/asergey/runtime-EclipseApplication/x86dev/lib/liblcs.a(udp_init.o)
                0xffffffff800622c0                udp_init
 *fill*         0xffffffff800622da        0x6 9090
 .text          0xffffffff800622e0       0x30 /home/asergey/runtime-EclipseApplication/x86dev/lib/liblcs.a(icmp6_ini.o)
                0xffffffff800622e0                icmp6_init
 .text          0xffffffff80062310      0x279 /home/asergey/runtime-EclipseApplication/x86dev/lib/liblcs.a(in6_ifattach.o)
                0xffffffff80062560                in6_ifattach
 *fill*         0xffffffff80062589        0x7 9090
 .text          0xffffffff80062590      0x301 /home/asergey/runtime-EclipseApplication/x86dev/lib/liblcs.a(in6_pcb.o)
                0xffffffff80062720                in6_pcballoc
                0xffffffff800627f0                in6_pcbdetach
 *fill*         0xffffffff80062891        0xf 9090
 .text          0xffffffff800628a0      0x5bc /home/asergey/runtime-EclipseApplication/x86dev/lib/liblcs.a(in6_route.o)
                0xffffffff800628a0                calc_netmask
                0xffffffff80062900                inet6_lnaof
                0xffffffff80062930                rtifadd6
                0xffffffff80062960                rtifdel6
                0xffffffff80062b20                add_rt_entry6
                0xffffffff80062be0                del_rt_entry6
                0xffffffff80062dc0                in6_RTLookup
 *fill*         0xffffffff80062e5c        0x4 9090
 .text          0xffffffff80062e60      0x807 /home/asergey/runtime-EclipseApplication/x86dev/lib/liblcs.a(ip6_ctlo.o)
                0xffffffff80062e60                join_group
                0xffffffff80063130                leave_group
                0xffffffff80063570                ip6_ctloutput
 *fill*         0xffffffff80063667        0x9 9090
 .text          0xffffffff80063670      0x384 /home/asergey/runtime-EclipseApplication/x86dev/lib/liblcs.a(ip6_init.o)
                0xffffffff80063670                init_reassembly_queues
                0xffffffff80063840                ip_common_init
                0xffffffff80063980                ip6_init
 *fill*         0xffffffff800639f4        0xc 9090
 .text          0xffffffff80063a00      0x431 /home/asergey/runtime-EclipseApplication/x86dev/lib/liblcs.a(ip6_input.o)
                0xffffffff80063b20                ip6_input
 *fill*         0xffffffff80063e31        0xf 9090
 .text          0xffffffff80063e40      0x7f0 /home/asergey/runtime-EclipseApplication/x86dev/lib/liblcs.a(ip6_reassem.o)
                0xffffffff80064250                ip6_reassemb
                0xffffffff800644f0                lcsCheckReassmTimeout
 .text          0xffffffff80064630      0x482 /home/asergey/runtime-EclipseApplication/x86dev/lib/liblcs.a(ip_input.o)
                0xffffffff80064630                ip_input
 *fill*         0xffffffff80064ab2        0xe 9090
 .text          0xffffffff80064ac0      0x1df /home/asergey/runtime-EclipseApplication/x86dev/lib/liblcs.a(in_util.o)
                0xffffffff80064ac0                in_broadcast
                0xffffffff80064ae0                in_GetIfAddr
                0xffffffff80064af0                in_GetIfIndex
                0xffffffff80064b50                in_mask_valid
                0xffffffff80064b70                in_multicast
                0xffffffff80064b90                in_setpeeraddr
                0xffffffff80064bd0                in_setsockaddr
                0xffffffff80064c10                in_unicast
                0xffffffff80064c50                in_PrimaryIf
 *fill*         0xffffffff80064c9f        0x1 9090
 .text          0xffffffff80064ca0      0x63e /home/asergey/runtime-EclipseApplication/x86dev/lib/liblcs.a(ip_reassem.o)
                0xffffffff80065090                ip_reassemb
 *fill*         0xffffffff800652de        0x2 9090
 .text          0xffffffff800652e0      0x13b /home/asergey/runtime-EclipseApplication/x86dev/lib/liblcs.a(ip_init.o)
                0xffffffff800652e0                in_ifattach
                0xffffffff80065360                InitRTable
                0xffffffff800653a0                ip4_init
 *fill*         0xffffffff8006541b        0x5 9090
 .text          0xffffffff80065420      0x231 /home/asergey/runtime-EclipseApplication/x86dev/lib/liblcs.a(icmp_in.o)
                0xffffffff80065420                icmp_input
 *fill*         0xffffffff80065651        0xf 9090
 .text          0xffffffff80065660       0x30 /home/asergey/runtime-EclipseApplication/x86dev/lib/liblcs.a(icmp_ini.o)
                0xffffffff80065660                icmp_init
 .text          0xffffffff80065690     0x20e5 /home/asergey/runtime-EclipseApplication/x86dev/lib/liblcs.a(tcp_inpt.o)
                0xffffffff80065690                tcp_xmit_timer
                0xffffffff80065770                tcp_input
                0xffffffff80067600                tcp_rcv_bufspace_get
                0xffffffff80067620                tcp_snd_bufspace_get
                0xffffffff80067640                tcp_usr_recv
 *fill*         0xffffffff80067775        0xb 9090
 .text          0xffffffff80067780      0xd39 /home/asergey/runtime-EclipseApplication/x86dev/lib/liblcs.a(tcp_out.o)
                0xffffffff80067780                tcp_output
                0xffffffff800683f0                tcp_usr_send
                0xffffffff80068430                tcp_usr_buf
 *fill*         0xffffffff800684b9        0x7 9090
 .text          0xffffffff800684c0      0x574 /home/asergey/runtime-EclipseApplication/x86dev/lib/liblcs.a(tcp_time.o)
                0xffffffff800684c0                tcp_setup_timers
                0xffffffff80068600                tcp_reset_rexmit
                0xffffffff80068630                tcp_setpersist
                0xffffffff80068660                tcp_canceltimers
                0xffffffff80068680                tcp_timers
                0xffffffff80068990                tcp_timeout
                0xffffffff80068a10                tcp_isstimeout
 *fill*         0xffffffff80068a34        0xc 9090
 .text          0xffffffff80068a40      0x19c /home/asergey/runtime-EclipseApplication/x86dev/lib/liblcs.a(tcp_init.o)
                0xffffffff80068a40                tcp_init
 *fill*         0xffffffff80068bdc        0x4 9090
 .text          0xffffffff80068be0      0x12b /home/asergey/runtime-EclipseApplication/x86dev/lib/liblcs.a(tcp_pcb.o)
                0xffffffff80068be0                AddTCPCB
                0xffffffff80068c60                GetTCPCBbySocket
                0xffffffff80068cc0                RemoveTCPCB
 *fill*         0xffffffff80068d0b        0x5 9090
 .text          0xffffffff80068d10      0x9e4 /home/asergey/runtime-EclipseApplication/x86dev/lib/liblcs.a(tcp_util.o)
                0xffffffff80068d10                tcp_template
                0xffffffff80068d80                tcp_respond
                0xffffffff80068f20                tcp_drop
                0xffffffff80068fa0                tcp_init_cwnd
                0xffffffff80068fe0                tcp_mss
                0xffffffff80068ff0                tcp_process_options
                0xffffffff80069260                tcp_peeraddr
                0xffffffff800692d0                tcp_sockaddr
                0xffffffff80069330                tcp_ctloutput
                0xffffffff80069510                tcp_usr_recvcnt
                0xffffffff80069540                tcp_usr_cansend
                0xffffffff80069580                tcp_usr_sendsize
                0xffffffff800695b0                tcp_usr_recvsize
                0xffffffff800695e0                tcp_usr_conntimeout
                0xffffffff80069640                tcpip_cksum
 *fill*         0xffffffff800696f4        0xc 9090
 .text          0xffffffff80069700      0x41f /home/asergey/runtime-EclipseApplication/x86dev/lib/liblcs.a(igmp.o)
                0xffffffff80069910                igmp_init
                0xffffffff80069940                igmp_input
                0xffffffff80069aa0                igmp_joingroup
                0xffffffff80069b10                igmp_leavegroup
 *fill*         0xffffffff80069b1f        0x1 9090
 .text          0xffffffff80069b20     0x22f6 /home/asergey/runtime-EclipseApplication/x86dev/lib/liblcs.a(lcs_nux.o)
 *fill*         0xffffffff8006be16        0xa 9090
 .text          0xffffffff8006be20      0x8c7 /home/asergey/runtime-EclipseApplication/x86dev/lib/liblcs.a(ioctl.o)
                0xffffffff8006be20                ipv6_expander
                0xffffffff8006be90                lcssock_ioctl
 *fill*         0xffffffff8006c6e7        0x9 9090
 .text          0xffffffff8006c6f0      0x15c /home/asergey/runtime-EclipseApplication/x86dev/lib/liblcs.a(select.o)
                0xffffffff8006c6f0                soselect
 *fill*         0xffffffff8006c84c        0x4 9090
 .text          0xffffffff8006c850      0x43e /home/asergey/runtime-EclipseApplication/x86dev/lib/liblcs.a(sock.o)
                0xffffffff8006c850                sock_alloc
                0xffffffff8006ca90                sock_free
                0xffffffff8006cbb0                lcs_socket
 *fill*         0xffffffff8006cc8e        0x2 9090
 .text          0xffffffff8006cc90      0xc45 /home/asergey/runtime-EclipseApplication/x86dev/lib/liblcs.a(sock_raw.o)
                0xffffffff8006cda0                __prerr_invalid
                0xffffffff8006cdc0                __prerr_notconnected
                0xffffffff8006cde0                __prerr_notsupported_opt
                0xffffffff8006d820                add_to_raw_sockets
 *fill*         0xffffffff8006d8d5        0xb 9090
 .text          0xffffffff8006d8e0      0xb51 /home/asergey/runtime-EclipseApplication/x86dev/lib/liblcs.a(sock_udp.o)
 *fill*         0xffffffff8006e431        0xf 9090
 .text          0xffffffff8006e440     0x15f5 /home/asergey/runtime-EclipseApplication/x86dev/lib/liblcs.a(sock_tcp.o)
                0xffffffff8006e440                __tcp_fcntl
                0xffffffff8006e460                __tcp_attach
                0xffffffff8006e4d0                __tcp_getsockname
                0xffffffff8006e510                __tcp_connect
                0xffffffff8006e6c0                __tcp_bind
                0xffffffff8006e6f0                __tcp_send
                0xffffffff8006e900                __tcp_close
                0xffffffff8006ea70                __tcp_setsockopt
                0xffffffff8006ec90                __tcp_getpeername
                0xffffffff8006ed10                __tcp_recv
                0xffffffff8006eef0                __tcp_listen
                0xffffffff8006ef90                __tcp_getsockopt
                0xffffffff8006f180                __tcp_writable
                0xffffffff8006f1c0                __tcp_accept
                0xffffffff8006f350                __tcp_readable
                0xffffffff8006f400                get_connected_socket
                0xffffffff8006f470                soerror
                0xffffffff8006f4b0                socantrcvmore